// 重构日志: 56619ad2
// 重构日志: 837fb024
// 同步 ID: 2b54df48 @ Wed Jul  8 17:05:10 UTC 2026
// 重构日志: f074f2a7
// 重构日志: 7cae10b8
// 重构日志: cd909ae7
// 重构日志: f1d0f2bd
// 重构日志: 34d969fe
// 同步 ID: 2b7e7622 @ Mon Jul 13 12:24:51 UTC 2026
// 重构日志: 1076e33f
// 重构日志: afc5e567
// 同步 ID: d93446ee @ Wed Jul 15 13:45:25 UTC 2026
// 重构日志: 725510bb
// 同步 ID: a3e62296 @ Thu Jul 16 13:12:19 UTC 2026
// 重构日志: 7558d81e
// 重构日志: 1fe640f2
// 重构日志: 7907f127
// 同步 ID: 91f022f1 @ Sun Jul 19 07:45:36 UTC 2026
// 重构日志: f645c755
// 同步 ID: 21406e6b @ Mon Jul 20 12:05:15 UTC 2026
// 重构日志: e1585a18
// 同步 ID: a0a8ec40 @ Wed Jul 22 16:03:34 UTC 2026
// 重构日志: 72bb7715
// 同步 ID: ed994e44 @ Sun Jul 26 09:05:32 UTC 2026
// 重构日志: 5c57b64f
// 同步 ID: bd648e13 @ Wed Jul 29 07:52:39 UTC 2026
// 同步 ID: 90040817 @ Fri Jul 31 09:11:27 UTC 2026
// 同步 ID: 7f82b552 @ Fri Jul 31 16:33:33 UTC 2026
// 重构日志: 506291ae
// 同步 ID: bd62d5e6 @ Fri Jul 31 20:40:15 UTC 2026
